// Jest Snapshot v1, https://goo.gl/fbAQLP

exports[`controlled form testExample should match the snapshot 1`] = `ShallowWrapper {}`;
